n/neg146.jpg
n/neg145.jpg
n/neg144.jpg
n/neg143.jpg
n/neg142.jpg
n/neg141.jpg
n/neg140.jpg
n/neg139.jpg
n/neg138.jpg
n/neg137.jpg
n/neg136.jpg
n/neg135.jpg
n/neg134.jpg
n/neg133.jpg
n/neg132.jpg
n/neg131.jpg
n/neg130.jpg
n/neg129.jpg
n/neg128.jpg
n/neg127.jpg
n/neg126.jpg
n/neg125.jpg
n/neg124.jpg
n/neg123.jpg
n/neg122.jpg
n/neg121.jpg
n/neg120.jpg
n/neg119.jpg
n/neg118.jpg
n/neg117.jpg
n/neg116.jpg
n/neg115.jpg
n/neg114.jpg
n/neg113.jpg
n/neg112.jpg
n/neg111.jpg
n/neg110.jpg
n/neg109.jpg
n/neg108.jpg
n/neg107.jpg
n/neg106.jpg
n/neg105.jpg
n/neg104.jpg
n/neg103.jpg
n/neg102.jpg
n/neg101.jpg
n/neg100.jpg
n/neg99.jpg
n/neg98.jpg
n/neg97.jpg
n/neg96.jpg
n/neg95.jpg
n/neg94.jpg
n/neg93.jpg
n/neg92.jpg
n/neg91.jpg
n/neg90.jpg
n/neg89.jpg
n/neg88.jpg
n/neg87.jpg
n/neg86.jpg
n/neg85.jpg
n/neg84.jpg
n/neg83.jpg
n/neg82.jpg
n/neg81.jpg
n/neg80.jpg
n/neg79.jpg
n/neg78.jpg
n/neg77.jpg
n/neg76.jpg
n/neg75.jpg
n/neg74.jpg
n/neg73.jpg
n/neg72.jpg
n/neg71.jpg
n/neg70.jpg
n/neg69.jpg
n/neg68.jpg
n/neg67.jpg
n/neg66.jpg
n/neg65.jpg
n/neg64.jpg
n/neg63.jpg
n/neg62.jpg
n/neg61.jpg
n/neg60.jpg
n/neg59.jpg
n/neg58.jpg
n/neg57.jpg
n/neg56.jpg
n/neg55.jpg
n/neg54.jpg
n/neg53.jpg
n/neg52.jpg
n/neg51.jpg
n/neg50.jpg
n/neg49.jpg
n/neg48.jpg
n/neg47.jpg
n/neg46.jpg
n/neg45.jpg
n/neg44.jpg
n/neg43.jpg
n/neg42.jpg
n/neg41.jpg
n/neg40.jpg
n/neg39.jpg
n/neg38.jpg
n/neg37.jpg
n/neg36.jpg
n/neg35.jpg
n/neg34.jpg
n/neg33.jpg
n/neg32.jpg
n/neg31.jpg
n/n22.jpg
n/n21.jpg
n/n20.jpg
n/n19.jpg
n/neg9.jpg
n/neg8.jpg
n/neg7.jpg
n/neg6.jpg
n/neg5.jpg
n/neg4.jpg
n/neg3.jpg
n/neg2.jpg
n/neg15.jpg
n/neg14.jpg
n/neg13.jpg
n/neg12.jpg
n/neg11.jpg
n/neg10.jpg
n/neg1.jpg
n/neg0.jpg
n/n18.jpg
n/n17.jpg
n/n16.jpeg
n/n15.jpg
n/n14.jpg
n/n13.jpg
n/n12.jpg
n/n11.jpeg
n/n10.jpeg